
> aiweb@0.1.0 build
> next build

node.exe : ÔÜá Warning: Next.j
s inferred your workspace root
, but it may not be correct.
At line:1 char:1
+ & "C:\Program Files\nodejs/n
ode.exe" "C:\Program Files\nod
ejs/node_mo ...
+ ~~~~~~~~~~~~~~~~~~~~~~~~~~~~
~~~~~~~~~~~~~~~~~~~~~~~~~~~~~~
~~~~~~~~~~~
    + CategoryInfo          : 
    NotSpecified: (ÔÜá Warni  
  ng: Ne...not be correct.:   
 String) [], RemoteExcepti    
on
    + FullyQualifiedErrorId : 
    NativeCommandError
 
 We detected multiple lockfile
s and selected the directory o
f C:\Users\A\package-lock.json
 as the root directory.
 To silence this warning, set 
`turbopack.root` in your Next.
js config, or consider removin
g one of the lockfiles if it's
 not needed.
   See https://nextjs.org/docs
/app/api-reference/config/next
-config-js/turbopack#root-dire
ctory for more information.
 Detected additional lockfiles
: 
   * C:\Users\A\Desktop\aiweb\
package-lock.json

Ôû▓ Next.js 16.1.6 (Turbopack)
- Environments: .env

ÔÜá The "middleware" file conv
ention is deprecated. Please u
se "proxy" instead. Learn more
: https://nextjs.org/docs/mess
ages/middleware-to-proxy
  Creating an optimized production build ...
Ô£ô Compiled successfully in 15.1s
  Running TypeScript ...
Failed to compile.

./src/app/[username]/ProfileCl
ient.tsx:4171:29
Type error: Type '{ mode: "mod
al"; profileData: any; theme: 
any; user: { name: any; occupa
tion: any; phone: any; email: 
any; username: any; }; }' is n
ot assignable to type 'Intrins
icAttributes & BusinessCardGen
eratorProps'.
  Property 'theme' does not ex
ist on type 'IntrinsicAttribut
es & BusinessCardGeneratorProp
s'.

[0m [90m 4169 |[39m        
                     mode[33m
=[39m[32m"modal"[39m
 [90m 4170 |[39m            
                 profileData[
33m=[39m{profile}
[31m[1m>[22m[39m[90m 4171
 |[39m                       
      theme[33m=[39m{theme}
 [90m      |[39m            
                 [31m[1m^[2
2m[39m
 [90m 4172 |[39m            
                 user[33m=[3
9m{{
 [90m 4173 |[39m            
                     name[33m
:[39m profile[33m.[39mdispl
ayName [33m||[39m profile[3
3m.[39muser[33m?[39m[33m.
[39mname [33m||[39m [32m'Ku
llan─▒c─▒'[39m[33m,[39m
 [90m 4174 |[39m            
                     occupatio
n[33m:[39m profile[33m.[39
moccupation [33m||[39m [32m
''[39m[33m,[39m[0m
Next.js build worker exited wi
th code: 1 and signal: null
